clean build output
created_at=2026-03-25T07:54:03.418Z
